Last login: Wed Jul  1 14:17:14 on ttys000
Kirstens-iMac:~ Kirsten$ cd ..~/git/jottly
-bash: cd: ..~/git/jottly: No such file or directory
Kirstens-iMac:~ Kirsten$ cd.. ~/git/jottly
-bash: cd..: command not found
Kirstens-iMac:~ Kirsten$ cd ~/git/jottly
Kirstens-iMac:jottly Kirsten$ git checkout -b new-branch
D	Landing Page/Jottly_Landing_Skeleton/css/styles (Kirsten Hoenes's conflicted copy 2015-06-23).css
M	Landing Page/Jottly_Landing_Skeleton/index.html
Switched to a new branch 'new-branch'
Kirstens-iMac:jottly Kirsten$ git status
On branch new-branch
Changes not staged for commit:
  (use "git add/rm <file>..." to update what will be committed)
  (use "git checkout -- <file>..." to discard changes in working directory)

	deleted:    Landing Page/Jottly_Landing_Skeleton/css/styles (Kirsten Hoenes's conflicted copy 2015-06-23).css
	modified:   Landing Page/Jottly_Landing_Skeleton/index.html

no changes added to commit (use "git add" and/or "git commit -a")
Kirstens-iMac:jottly Kirsten$ open readme.txt
Kirstens-iMac:jottly Kirsten$ git add .
Kirstens-iMac:jottly Kirsten$ git status
On branch new-branch
Changes to be committed:
  (use "git reset HEAD <file>..." to unstage)

	deleted:    Landing Page/Jottly_Landing_Skeleton/css/styles (Kirsten Hoenes's conflicted copy 2015-06-23).css
	modified:   Landing Page/Jottly_Landing_Skeleton/index.html
	modified:   README.txt

Kirstens-iMac:jottly Kirsten$ git add readme.txt
Kirstens-iMac:jottly Kirsten$ git commit -m 'added a line in a new branch'
[new-branch 5623a61] added a line in a new branch
 3 files changed, 4 insertions(+), 362 deletions(-)
 delete mode 100644 Landing Page/Jottly_Landing_Skeleton/css/styles (Kirsten Hoenes's conflicted copy 2015-06-23).css
Kirstens-iMac:jottly Kirsten$ checkout master
-bash: checkout: command not found
Kirstens-iMac:jottly Kirsten$ git checkout master
Switched to branch 'master'
Your branch is ahead of 'origin/master' by 1 commit.
  (use "git push" to publish your local commits)
Kirstens-iMac:jottly Kirsten$ open readme.txt
Kirstens-iMac:jottly Kirsten$ git merge new-branch
Updating e52a720..5623a61
Fast-forward
 .../styles (Kirsten Hoenes's conflicted copy 2015-06-23).css   | 362 ----------------------------
 Landing Page/Jottly_Landing_Skeleton/index.html                |   3 +
 README.txt                                                     |   1 +
 3 files changed, 4 insertions(+), 362 deletions(-)
 delete mode 100644 Landing Page/Jottly_Landing_Skeleton/css/styles (Kirsten Hoenes's conflicted copy 2015-06-23).css
Kirstens-iMac:jottly Kirsten$ git status
On branch master
Your branch is ahead of 'origin/master' by 2 commits.
  (use "git push" to publish your local commits)
nothing to commit, working directory clean
Kirstens-iMac:jottly Kirsten$ open readme.txt
Kirstens-iMac:jottly Kirsten$ git branch -d new-branch
Deleted branch new-branch (was 5623a61).
Kirstens-iMac:jottly Kirsten$ 
